[INFO] [1772368874.659505722] [rosbag2_recorder]: Press SPACE for pausing/resuming
[INFO] [1772368874.678175597] [rosbag2_storage]: Opened database '/home/common/3_SIP/tms_ws/src/traj_follow_measurement/data/run_20260301_214114/bag/bag_0.db3' for READ_WRITE.
[INFO] [1772368874.679421367] [rosbag2_recorder]: Listening for topics...
[INFO] [1772368874.679433695] [rosbag2_recorder]: Event publisher thread: Starting
[INFO] [1772368874.680604080] [rosbag2_recorder]: Subscribed to topic '/rosout'
[INFO] [1772368874.681141248] [rosbag2_recorder]: Subscribed to topic '/events/write_split'
[INFO] [1772368874.681213076] [rosbag2_recorder]: Recording...
[WARN] [1772368874.783172226] [ROSBAG2_TRANSPORT]: Hidden topics are not recorded. Enable them with --include-hidden-topics
[INFO] [1772368874.789915568] [rosbag2_recorder]: Subscribed to topic '/zx200/trajectory_execution_event'
[INFO] [1772368874.792132055] [rosbag2_recorder]: Subscribed to topic '/zx200/upper_arm_controller/transition_event'
[INFO] [1772368874.793401185] [rosbag2_recorder]: Subscribed to topic '/zx200/robot_description_semantic'
[INFO] [1772368874.794789812] [rosbag2_recorder]: Subscribed to topic '/zx200/robot_description'
[INFO] [1772368874.798046801] [rosbag2_recorder]: Subscribed to topic '/zx200/display_contacts'
[INFO] [1772368874.801731297] [rosbag2_recorder]: Subscribed to topic '/zx200/upper_arm_controller/controller_state'
[INFO] [1772368874.804131774] [rosbag2_recorder]: Subscribed to topic '/zx200/rviz_moveit_motion_planning_display/robot_interaction_interactive_marker_topic/feedback'
[INFO] [1772368874.807766607] [rosbag2_recorder]: Subscribed to topic '/zx200/monitored_planning_scene'
[INFO] [1772368874.809458725] [rosbag2_recorder]: Subscribed to topic '/zx200/planning_scene'
[INFO] [1772368874.813221215] [rosbag2_recorder]: Subscribed to topic '/zx200/joint_states'
[INFO] [1772368874.816357509] [rosbag2_recorder]: Subscribed to topic '/zx200/rviz_moveit_motion_planning_display/robot_interaction_interactive_marker_topic/update'
[INFO] [1772368874.817512747] [rosbag2_recorder]: Subscribed to topic '/zx200/front_cmd'
[INFO] [1772368874.819924729] [rosbag2_recorder]: Subscribed to topic '/zx200/dynamic_joint_states'
[INFO] [1772368874.822192038] [rosbag2_recorder]: Subscribed to topic '/zx200/motion_plan_request'
[INFO] [1772368874.824105083] [rosbag2_recorder]: Subscribed to topic '/zx200/upper_arm_controller/state'
[INFO] [1772368874.827477870] [rosbag2_recorder]: Subscribed to topic '/emergency_signal'
[INFO] [1772368874.829184034] [rosbag2_recorder]: Subscribed to topic '/zx200/attached_collision_object'
[INFO] [1772368874.831552707] [rosbag2_recorder]: Subscribed to topic '/c30r/odom'
[INFO] [1772368874.833302965] [rosbag2_recorder]: Subscribed to topic '/zx200/planning_scene_world'
[INFO] [1772368874.834437446] [rosbag2_recorder]: Subscribed to topic '/zx200/base_link/pose'
[INFO] [1772368874.837281096] [rosbag2_recorder]: Subscribed to topic '/tf_static'
[INFO] [1772368874.839880301] [rosbag2_recorder]: Subscribed to topic '/task_sequence'
[INFO] [1772368874.842918245] [rosbag2_recorder]: Subscribed to topic '/zx200/display_planned_path'
[INFO] [1772368874.857056874] [rosbag2_recorder]: Subscribed to topic '/parameter_events'
[INFO] [1772368874.859508176] [rosbag2_recorder]: Subscribed to topic '/zx200/odom'
[INFO] [1772368874.861601179] [rosbag2_recorder]: Subscribed to topic '/tf'
[INFO] [1772368874.864176283] [rosbag2_recorder]: Subscribed to topic '/clock'
[INFO] [1772368874.866398721] [rosbag2_recorder]: Subscribed to topic '/zx200/joint_state_broadcaster/transition_event'
[INFO] [1772368874.868618630] [rosbag2_recorder]: Subscribed to topic '/c30r/base_link/pose'
[INFO] [1772368889.474641899] [rosbag2_cpp]: Writing remaining messages from cache to the bag. It may take a while
[INFO] [1772368889.479442183] [rosbag2_recorder]: Event publisher thread: Exiting
[INFO] [1772368889.479720346] [rosbag2_recorder]: Recording stopped
