[INFO] [1772363032.125721056] [rosbag2_recorder]: Press SPACE for pausing/resuming
[INFO] [1772363032.133679385] [rosbag2_storage]: Opened database '/home/common/3_SIP/tms_ws/src/traj_follow_measurement/data/run_20260301_200351/bag/bag_0.db3' for READ_WRITE.
[INFO] [1772363032.136038479] [rosbag2_recorder]: Listening for topics...
[INFO] [1772363032.136325758] [rosbag2_recorder]: Event publisher thread: Starting
[WARN] [1772363032.137078653] [ROSBAG2_TRANSPORT]: Hidden topics are not recorded. Enable them with --include-hidden-topics
[INFO] [1772363032.142392555] [rosbag2_recorder]: Subscribed to topic '/rosout'
[INFO] [1772363032.145689131] [rosbag2_recorder]: Subscribed to topic '/parameter_events'
[INFO] [1772363032.148072759] [rosbag2_recorder]: Subscribed to topic '/events/write_split'
[INFO] [1772363032.148303090] [rosbag2_recorder]: Recording...
[INFO] [1772363032.261322275] [rosbag2_recorder]: Subscribed to topic '/zx200/dynamic_joint_states'
[INFO] [1772363032.263043660] [rosbag2_recorder]: Subscribed to topic '/zx200/base_link/pose'
[INFO] [1772363032.264844138] [rosbag2_recorder]: Subscribed to topic '/c30r/odom'
[INFO] [1772363032.270167062] [rosbag2_recorder]: Subscribed to topic '/zx200/planning_scene_world'
[INFO] [1772363032.272721643] [rosbag2_recorder]: Subscribed to topic '/zx200/attached_collision_object'
[INFO] [1772363032.274601123] [rosbag2_recorder]: Subscribed to topic '/tf_static'
[INFO] [1772363032.276315932] [rosbag2_recorder]: Subscribed to topic '/task_sequence'
[INFO] [1772363032.278066528] [rosbag2_recorder]: Subscribed to topic '/emergency_signal'
[INFO] [1772363032.279698361] [rosbag2_recorder]: Subscribed to topic '/tf'
[INFO] [1772363032.281381859] [rosbag2_recorder]: Subscribed to topic '/zx200/odom'
[INFO] [1772363032.282996223] [rosbag2_recorder]: Subscribed to topic '/zx200/upper_arm_controller/transition_event'
[INFO] [1772363032.284652404] [rosbag2_recorder]: Subscribed to topic '/zx200/robot_description'
[INFO] [1772363032.287140493] [rosbag2_recorder]: Subscribed to topic '/zx200/upper_arm_controller/state'
[INFO] [1772363032.288874396] [rosbag2_recorder]: Subscribed to topic '/zx200/trajectory_execution_event'
[INFO] [1772363032.290681305] [rosbag2_recorder]: Subscribed to topic '/zx200/upper_arm_controller/controller_state'
[INFO] [1772363032.292382705] [rosbag2_recorder]: Subscribed to topic '/zx200/rviz_moveit_motion_planning_display/robot_interaction_interactive_marker_topic/feedback'
[INFO] [1772363032.294189032] [rosbag2_recorder]: Subscribed to topic '/zx200/planning_scene'
[INFO] [1772363032.295475898] [rosbag2_recorder]: Subscribed to topic '/zx200/joint_states'
[INFO] [1772363032.297276864] [rosbag2_recorder]: Subscribed to topic '/c30r/base_link/pose'
[INFO] [1772363032.298768594] [rosbag2_recorder]: Subscribed to topic '/zx200/rviz_moveit_motion_planning_display/robot_interaction_interactive_marker_topic/update'
[INFO] [1772363032.300834730] [rosbag2_recorder]: Subscribed to topic '/zx200/front_cmd'
[INFO] [1772363032.301916652] [rosbag2_recorder]: Subscribed to topic '/zx200/joint_state_broadcaster/transition_event'
[INFO] [1772363032.312470787] [rosbag2_recorder]: Subscribed to topic '/clock'
[INFO] [1772363032.427415166] [rosbag2_recorder]: Subscribed to topic '/zx200/display_contacts'
[INFO] [1772363032.430742359] [rosbag2_recorder]: Subscribed to topic '/zx200/robot_description_semantic'
[INFO] [1772363032.432366782] [rosbag2_recorder]: Subscribed to topic '/zx200/motion_plan_request'
[INFO] [1772363032.435118441] [rosbag2_recorder]: Subscribed to topic '/zx200/monitored_planning_scene'
[INFO] [1772363032.437634294] [rosbag2_recorder]: Subscribed to topic '/zx200/display_planned_path'
[INFO] [1772363047.003650258] [rosbag2_cpp]: Writing remaining messages from cache to the bag. It may take a while
[INFO] [1772363047.007794422] [rosbag2_recorder]: Event publisher thread: Exiting
[INFO] [1772363047.007873869] [rosbag2_recorder]: Recording stopped
